1015612496
